[christiangarry.com/index.html]
[backblue.gif]
[fade.gif]
[index.html]
[christiangarry.com/manifest.webmanifest]
[christiangarry.com/sw.js]
[christiangarry.com/sic-jfet-rtl-cpu.html]
[christiangarry.com/hydrogen-fuel-system.html]
[christiangarry.com/electronic-differential.html]
[christiangarry.com/about-me.html]
[img1.wsimg.com/poly/v3/polyfill.min0b31.js]
[img1.wsimg.com/blobby/go/3c6514b3-c16b-48b5-881f-6c2a381070af/gpub/deff481271fa5cea/script.js]
[christiangarry.com/index.html]
[img1.wsimg.com/blobby/go/3c6514b3-c16b-48b5-881f-6c2a381070af/gpub/5f83ad88e40d14fe/script.js]
[christiangarry.com/sic-jfet-rtl-cpu.html]
[img1.wsimg.com/blobby/go/3c6514b3-c16b-48b5-881f-6c2a381070af/gpub/e79bfbd44c2e9f3d/script.js]
[img1.wsimg.com/blobby/go/3c6514b3-c16b-48b5-881f-6c2a381070af/gpub/a24b98ad69616ca6/script.js]
[christiangarry.com/hydrogen-fuel-system.html]
[img1.wsimg.com/blobby/go/3c6514b3-c16b-48b5-881f-6c2a381070af/gpub/b5e8aab56b69a0a8/script.js]
[christiangarry.com/electronic-differential.html]
[img1.wsimg.com/blobby/go/3c6514b3-c16b-48b5-881f-6c2a381070af/gpub/830282ba7041ea5b/script.js]
[img1.wsimg.com/blobby/go/3c6514b3-c16b-48b5-881f-6c2a381070af/gpub/52c096c50ae87455/script.js]
[img1.wsimg.com/blobby/go/3c6514b3-c16b-48b5-881f-6c2a381070af/gpub/4d2e3283a8b98a6d/script.js]
[christiangarry.com/about-me.html]
[img1.wsimg.com/blobby/go/3c6514b3-c16b-48b5-881f-6c2a381070af/gpub/8e75a7be8f2f5e55/script.js]
[img1.wsimg.com/blobby/go/3c6514b3-c16b-48b5-881f-6c2a381070af/gpub/b68b17c0bdc854d6/script.js]
[img1.wsimg.com/ceph-p3-01/website-builder-data-prod/static/widgets/UX.4.34.4.js]
[img1.wsimg.com/traffic-assets/js/tccl.min.html]
